// Generated by Sworn

clarity.requireVersion("0.0")

function read(state) {
  let result = null
  result = clarity.ok(state.height)
  return result
}

function update(state) {
  let result = null
  state.height = clarity.blockHeight()
  result = clarity.ok(state.height)
  return state
}

export function handle(state, action) {
  const input = action.input
  if (input.function === 'read') {
    return {result: read(state)}
  }
  if (input.function === 'update') {
    return {state: update(state)}
  }
  return {state}
}
