// Generated by Sworn

clarity.requireVersion("0.0")

function read(state) {
  return clarity.ok(state.sender);
}

function update(state) {
  state.sender = clarity.some(clarity.txSender());
  return {state, result: clarity.ok(state.sender)};
}

function clear(state) {
  state.sender = clarity.none;
  return {state, result: clarity.ok(state.sender)};
}

export function handle(state, action) {
  const input = action.input;
  if (input.function === 'read') {
    return {result: read(state)};
  }
  if (input.function === 'update') {
    return update(state);
  }
  if (input.function === 'clear') {
    return clear(state);
  }
  return {state};
}
